{"scenario": "help", "version": "before", "run": 1, "requests": 0, "response_bytes": 0, "errors": 0, "digest": "2fb169326efd054773f5feef2f746d4a8efd3833f796bb687ea7f8d55c72b5e6", "seconds": 0.251278}
{"scenario": "help", "version": "after", "run": 1, "requests": 0, "response_bytes": 0, "errors": 0, "digest": "2fb169326efd054773f5feef2f746d4a8efd3833f796bb687ea7f8d55c72b5e6", "seconds": 0.275839}
{"scenario": "help", "version": "after", "run": 2, "requests": 0, "response_bytes": 0, "errors": 0, "digest": "2fb169326efd054773f5feef2f746d4a8efd3833f796bb687ea7f8d55c72b5e6", "seconds": 0.267357}
{"scenario": "help", "version": "before", "run": 2, "requests": 0, "response_bytes": 0, "errors": 0, "digest": "2fb169326efd054773f5feef2f746d4a8efd3833f796bb687ea7f8d55c72b5e6", "seconds": 0.237867}
{"scenario": "help", "version": "before", "run": 3, "requests": 0, "response_bytes": 0, "errors": 0, "digest": "2fb169326efd054773f5feef2f746d4a8efd3833f796bb687ea7f8d55c72b5e6", "seconds": 0.354307}
{"scenario": "help", "version": "after", "run": 3, "requests": 0, "response_bytes": 0, "errors": 0, "digest": "2fb169326efd054773f5feef2f746d4a8efd3833f796bb687ea7f8d55c72b5e6", "seconds": 0.505537}
{"scenario": "help", "version": "after", "run": 4, "requests": 0, "response_bytes": 0, "errors": 0, "digest": "2fb169326efd054773f5feef2f746d4a8efd3833f796bb687ea7f8d55c72b5e6", "seconds": 0.270132}
{"scenario": "help", "version": "before", "run": 4, "requests": 0, "response_bytes": 0, "errors": 0, "digest": "2fb169326efd054773f5feef2f746d4a8efd3833f796bb687ea7f8d55c72b5e6", "seconds": 0.223447}
{"scenario": "help", "version": "before", "run": 5, "requests": 0, "response_bytes": 0, "errors": 0, "digest": "2fb169326efd054773f5feef2f746d4a8efd3833f796bb687ea7f8d55c72b5e6", "seconds": 0.204434}
{"scenario": "help", "version": "after", "run": 5, "requests": 0, "response_bytes": 0, "errors": 0, "digest": "2fb169326efd054773f5feef2f746d4a8efd3833f796bb687ea7f8d55c72b5e6", "seconds": 0.190967}
{"scenario": "tasks-active", "version": "before", "run": 1, "requests": 3, "response_bytes": 232882, "errors": 0, "digest": "8ca913f6b3f8ee01860aa14a0023006f4b31389386ffae0bd9d3b8231a34402d", "seconds": 1.015836}
{"scenario": "tasks-active", "version": "after", "run": 1, "requests": 2, "response_bytes": 232763, "errors": 0, "digest": "8ca913f6b3f8ee01860aa14a0023006f4b31389386ffae0bd9d3b8231a34402d", "seconds": 0.75521}
{"scenario": "tasks-active", "version": "after", "run": 2, "requests": 2, "response_bytes": 232763, "errors": 0, "digest": "8ca913f6b3f8ee01860aa14a0023006f4b31389386ffae0bd9d3b8231a34402d", "seconds": 0.850157}
{"scenario": "tasks-active", "version": "before", "run": 2, "requests": 3, "response_bytes": 232882, "errors": 0, "digest": "8ca913f6b3f8ee01860aa14a0023006f4b31389386ffae0bd9d3b8231a34402d", "seconds": 0.834496}
{"scenario": "tasks-active", "version": "before", "run": 3, "requests": 3, "response_bytes": 232882, "errors": 0, "digest": "8ca913f6b3f8ee01860aa14a0023006f4b31389386ffae0bd9d3b8231a34402d", "seconds": 0.933778}
{"scenario": "tasks-active", "version": "after", "run": 3, "requests": 2, "response_bytes": 232763, "errors": 0, "digest": "8ca913f6b3f8ee01860aa14a0023006f4b31389386ffae0bd9d3b8231a34402d", "seconds": 1.177649}
{"scenario": "tasks-active", "version": "after", "run": 4, "requests": 2, "response_bytes": 232763, "errors": 0, "digest": "8ca913f6b3f8ee01860aa14a0023006f4b31389386ffae0bd9d3b8231a34402d", "seconds": 1.436406}
{"scenario": "tasks-active", "version": "before", "run": 4, "requests": 3, "response_bytes": 232882, "errors": 0, "digest": "8ca913f6b3f8ee01860aa14a0023006f4b31389386ffae0bd9d3b8231a34402d", "seconds": 5.905851}
{"scenario": "tasks-active", "version": "before", "run": 5, "requests": 3, "response_bytes": 232882, "errors": 0, "digest": "8ca913f6b3f8ee01860aa14a0023006f4b31389386ffae0bd9d3b8231a34402d", "seconds": 1.263715}
{"scenario": "tasks-active", "version": "after", "run": 5, "requests": 2, "response_bytes": 232763, "errors": 0, "digest": "8ca913f6b3f8ee01860aa14a0023006f4b31389386ffae0bd9d3b8231a34402d", "seconds": 5.524669}
{"scenario": "tasks-next", "version": "before", "run": 1, "requests": 4, "response_bytes": 593, "errors": 0, "digest": "d8aa3f422b580f8a6c4ab8dd586652a5d1da288c0c01720dc993d79cd7273d1c", "seconds": 1.631074}
{"scenario": "tasks-next", "version": "after", "run": 1, "requests": 3, "response_bytes": 518, "errors": 0, "digest": "d8aa3f422b580f8a6c4ab8dd586652a5d1da288c0c01720dc993d79cd7273d1c", "seconds": 0.856345}
{"scenario": "tasks-next", "version": "after", "run": 2, "requests": 3, "response_bytes": 518, "errors": 0, "digest": "d8aa3f422b580f8a6c4ab8dd586652a5d1da288c0c01720dc993d79cd7273d1c", "seconds": 0.686255}
{"scenario": "tasks-next", "version": "before", "run": 2, "requests": 4, "response_bytes": 593, "errors": 0, "digest": "d8aa3f422b580f8a6c4ab8dd586652a5d1da288c0c01720dc993d79cd7273d1c", "seconds": 0.805556}
{"scenario": "tasks-next", "version": "before", "run": 3, "requests": 4, "response_bytes": 593, "errors": 0, "digest": "d8aa3f422b580f8a6c4ab8dd586652a5d1da288c0c01720dc993d79cd7273d1c", "seconds": 0.90802}
{"scenario": "tasks-next", "version": "after", "run": 3, "requests": 3, "response_bytes": 518, "errors": 0, "digest": "d8aa3f422b580f8a6c4ab8dd586652a5d1da288c0c01720dc993d79cd7273d1c", "seconds": 0.738539}
{"scenario": "tasks-next", "version": "after", "run": 4, "requests": 3, "response_bytes": 518, "errors": 0, "digest": "d8aa3f422b580f8a6c4ab8dd586652a5d1da288c0c01720dc993d79cd7273d1c", "seconds": 0.718555}
{"scenario": "tasks-next", "version": "before", "run": 4, "requests": 4, "response_bytes": 593, "errors": 0, "digest": "d8aa3f422b580f8a6c4ab8dd586652a5d1da288c0c01720dc993d79cd7273d1c", "seconds": 1.043453}
{"scenario": "tasks-next", "version": "before", "run": 5, "requests": 4, "response_bytes": 593, "errors": 0, "digest": "d8aa3f422b580f8a6c4ab8dd586652a5d1da288c0c01720dc993d79cd7273d1c", "seconds": 1.191976}
{"scenario": "tasks-next", "version": "after", "run": 5, "requests": 3, "response_bytes": 518, "errors": 0, "digest": "d8aa3f422b580f8a6c4ab8dd586652a5d1da288c0c01720dc993d79cd7273d1c", "seconds": 1.469276}
{"scenario": "board-active", "version": "before", "run": 1, "requests": 3, "response_bytes": 232882, "errors": 0, "digest": "f83d03a752eba20aa6f7e29b1fe7f551259c3878a78fc8dafa045528a340a185", "seconds": 0.895206}
{"scenario": "board-active", "version": "after", "run": 1, "requests": 2, "response_bytes": 232763, "errors": 0, "digest": "f83d03a752eba20aa6f7e29b1fe7f551259c3878a78fc8dafa045528a340a185", "seconds": 1.542044}
{"scenario": "board-active", "version": "after", "run": 2, "requests": 2, "response_bytes": 232763, "errors": 0, "digest": "f83d03a752eba20aa6f7e29b1fe7f551259c3878a78fc8dafa045528a340a185", "seconds": 1.535947}
{"scenario": "board-active", "version": "before", "run": 2, "requests": 3, "response_bytes": 232882, "errors": 0, "digest": "f83d03a752eba20aa6f7e29b1fe7f551259c3878a78fc8dafa045528a340a185", "seconds": 3.72516}
{"scenario": "board-active", "version": "before", "run": 3, "requests": 3, "response_bytes": 232882, "errors": 0, "digest": "f83d03a752eba20aa6f7e29b1fe7f551259c3878a78fc8dafa045528a340a185", "seconds": 1.569334}
{"scenario": "board-active", "version": "after", "run": 3, "requests": 2, "response_bytes": 232763, "errors": 0, "digest": "f83d03a752eba20aa6f7e29b1fe7f551259c3878a78fc8dafa045528a340a185", "seconds": 1.522704}
{"scenario": "board-active", "version": "after", "run": 4, "requests": 2, "response_bytes": 232763, "errors": 0, "digest": "f83d03a752eba20aa6f7e29b1fe7f551259c3878a78fc8dafa045528a340a185", "seconds": 0.681868}
{"scenario": "board-active", "version": "before", "run": 4, "requests": 3, "response_bytes": 232882, "errors": 0, "digest": "f83d03a752eba20aa6f7e29b1fe7f551259c3878a78fc8dafa045528a340a185", "seconds": 0.806529}
{"scenario": "board-active", "version": "before", "run": 5, "requests": 3, "response_bytes": 232882, "errors": 0, "digest": "f83d03a752eba20aa6f7e29b1fe7f551259c3878a78fc8dafa045528a340a185", "seconds": 0.891523}
{"scenario": "board-active", "version": "after", "run": 5, "requests": 2, "response_bytes": 232763, "errors": 0, "digest": "f83d03a752eba20aa6f7e29b1fe7f551259c3878a78fc8dafa045528a340a185", "seconds": 0.788752}
{"scenario": "overview-all", "version": "before", "run": 1, "requests": 15, "response_bytes": 2593448, "errors": 0, "digest": "f124ba132565073a6f05ccda3d9475e1f6639a95089252e823765bb3d97b7558", "seconds": 8.098344}
{"scenario": "overview-all", "version": "after", "run": 1, "requests": 15, "response_bytes": 2593448, "errors": 0, "digest": "f124ba132565073a6f05ccda3d9475e1f6639a95089252e823765bb3d97b7558", "seconds": 7.830792}
{"scenario": "overview-all", "version": "after", "run": 2, "requests": 15, "response_bytes": 2593448, "errors": 0, "digest": "f124ba132565073a6f05ccda3d9475e1f6639a95089252e823765bb3d97b7558", "seconds": 7.913186}
{"scenario": "overview-all", "version": "before", "run": 2, "requests": 15, "response_bytes": 2593448, "errors": 0, "digest": "f124ba132565073a6f05ccda3d9475e1f6639a95089252e823765bb3d97b7558", "seconds": 37.352972}
{"scenario": "overview-all", "version": "before", "run": 3, "requests": 15, "response_bytes": 2593448, "errors": 0, "digest": "f124ba132565073a6f05ccda3d9475e1f6639a95089252e823765bb3d97b7558", "seconds": 10.794105}
{"scenario": "overview-all", "version": "after", "run": 3, "requests": 15, "response_bytes": 2593448, "errors": 0, "digest": "f124ba132565073a6f05ccda3d9475e1f6639a95089252e823765bb3d97b7558", "seconds": 6.449051}
{"scenario": "overview-all", "version": "after", "run": 4, "requests": 15, "response_bytes": 2593448, "errors": 0, "digest": "f124ba132565073a6f05ccda3d9475e1f6639a95089252e823765bb3d97b7558", "seconds": 5.511735}
{"scenario": "overview-all", "version": "before", "run": 4, "requests": 15, "response_bytes": 2593448, "errors": 0, "digest": "f124ba132565073a6f05ccda3d9475e1f6639a95089252e823765bb3d97b7558", "seconds": 10.942431}
{"scenario": "overview-all", "version": "before", "run": 5, "requests": 15, "response_bytes": 2593448, "errors": 0, "digest": "f124ba132565073a6f05ccda3d9475e1f6639a95089252e823765bb3d97b7558", "seconds": 6.467584}
{"scenario": "overview-all", "version": "after", "run": 5, "requests": 15, "response_bytes": 2593448, "errors": 0, "digest": "f124ba132565073a6f05ccda3d9475e1f6639a95089252e823765bb3d97b7558", "seconds": 7.440653}
{"scenario": "overview-project", "version": "before", "run": 1, "requests": 9, "response_bytes": 1277896, "errors": 0, "digest": "95030b95c1075d50f9a9ccf8889ba854edb7a4743a65cbc8a0b229ff724435bb", "seconds": 3.709269}
{"scenario": "overview-project", "version": "after", "run": 1, "requests": 9, "response_bytes": 1277896, "errors": 0, "digest": "95030b95c1075d50f9a9ccf8889ba854edb7a4743a65cbc8a0b229ff724435bb", "seconds": 2.698888}
{"scenario": "overview-project", "version": "after", "run": 2, "requests": 9, "response_bytes": 1277896, "errors": 0, "digest": "95030b95c1075d50f9a9ccf8889ba854edb7a4743a65cbc8a0b229ff724435bb", "seconds": 2.931703}
{"scenario": "overview-project", "version": "before", "run": 2, "requests": 9, "response_bytes": 1277896, "errors": 0, "digest": "95030b95c1075d50f9a9ccf8889ba854edb7a4743a65cbc8a0b229ff724435bb", "seconds": 2.962111}
{"scenario": "overview-project", "version": "before", "run": 3, "requests": 9, "response_bytes": 1277896, "errors": 0, "digest": "95030b95c1075d50f9a9ccf8889ba854edb7a4743a65cbc8a0b229ff724435bb", "seconds": 2.921991}
{"scenario": "overview-project", "version": "after", "run": 3, "requests": 9, "response_bytes": 1277896, "errors": 0, "digest": "95030b95c1075d50f9a9ccf8889ba854edb7a4743a65cbc8a0b229ff724435bb", "seconds": 2.590449}
{"scenario": "overview-project", "version": "after", "run": 4, "requests": 9, "response_bytes": 1277896, "errors": 0, "digest": "95030b95c1075d50f9a9ccf8889ba854edb7a4743a65cbc8a0b229ff724435bb", "seconds": 2.418022}
{"scenario": "overview-project", "version": "before", "run": 4, "requests": 9, "response_bytes": 1277896, "errors": 0, "digest": "95030b95c1075d50f9a9ccf8889ba854edb7a4743a65cbc8a0b229ff724435bb", "seconds": 2.907648}
{"scenario": "overview-project", "version": "before", "run": 5, "requests": 9, "response_bytes": 1277896, "errors": 0, "digest": "95030b95c1075d50f9a9ccf8889ba854edb7a4743a65cbc8a0b229ff724435bb", "seconds": 2.617256}
{"scenario": "overview-project", "version": "after", "run": 5, "requests": 9, "response_bytes": 1277896, "errors": 0, "digest": "95030b95c1075d50f9a9ccf8889ba854edb7a4743a65cbc8a0b229ff724435bb", "seconds": 2.425036}
{"scenario": "goals", "version": "before", "run": 1, "requests": 8, "response_bytes": 96437, "errors": 0, "digest": "b75c264a5271aa361cd1b50f3c341ed2d41095873bc6b18c92b008d24c1189f0", "seconds": 2.24237}
{"scenario": "goals", "version": "after", "run": 1, "requests": 8, "response_bytes": 96437, "errors": 0, "digest": "b75c264a5271aa361cd1b50f3c341ed2d41095873bc6b18c92b008d24c1189f0", "seconds": 1.495363}
{"scenario": "goals", "version": "after", "run": 2, "requests": 8, "response_bytes": 96437, "errors": 0, "digest": "b75c264a5271aa361cd1b50f3c341ed2d41095873bc6b18c92b008d24c1189f0", "seconds": 1.866402}
{"scenario": "goals", "version": "before", "run": 2, "requests": 8, "response_bytes": 96437, "errors": 0, "digest": "b75c264a5271aa361cd1b50f3c341ed2d41095873bc6b18c92b008d24c1189f0", "seconds": 2.280198}
{"scenario": "goals", "version": "before", "run": 3, "requests": 8, "response_bytes": 96437, "errors": 0, "digest": "b75c264a5271aa361cd1b50f3c341ed2d41095873bc6b18c92b008d24c1189f0", "seconds": 1.892683}
{"scenario": "goals", "version": "after", "run": 3, "requests": 8, "response_bytes": 96437, "errors": 0, "digest": "b75c264a5271aa361cd1b50f3c341ed2d41095873bc6b18c92b008d24c1189f0", "seconds": 1.501514}
{"scenario": "goals", "version": "after", "run": 4, "requests": 8, "response_bytes": 96437, "errors": 0, "digest": "b75c264a5271aa361cd1b50f3c341ed2d41095873bc6b18c92b008d24c1189f0", "seconds": 1.663371}
{"scenario": "goals", "version": "before", "run": 4, "requests": 8, "response_bytes": 96437, "errors": 0, "digest": "b75c264a5271aa361cd1b50f3c341ed2d41095873bc6b18c92b008d24c1189f0", "seconds": 2.112756}
{"scenario": "goals", "version": "before", "run": 5, "requests": 8, "response_bytes": 96437, "errors": 0, "digest": "b75c264a5271aa361cd1b50f3c341ed2d41095873bc6b18c92b008d24c1189f0", "seconds": 2.215536}
{"scenario": "goals", "version": "after", "run": 5, "requests": 8, "response_bytes": 96437, "errors": 0, "digest": "b75c264a5271aa361cd1b50f3c341ed2d41095873bc6b18c92b008d24c1189f0", "seconds": 1.643058}
{"scenario": "help", "summary": true, "before": {"median_seconds": 0.237867, "min_seconds": 0.204434, "max_seconds": 0.354307, "requests": [0]}, "after": {"median_seconds": 0.270132, "min_seconds": 0.190967, "max_seconds": 0.505537, "requests": [0]}, "outputs_equal": true}
{"scenario": "tasks-active", "summary": true, "before": {"median_seconds": 1.015836, "min_seconds": 0.834496, "max_seconds": 5.905851, "requests": [3]}, "after": {"median_seconds": 1.177649, "min_seconds": 0.75521, "max_seconds": 5.524669, "requests": [2]}, "outputs_equal": true}
{"scenario": "tasks-next", "summary": true, "before": {"median_seconds": 1.043453, "min_seconds": 0.805556, "max_seconds": 1.631074, "requests": [4]}, "after": {"median_seconds": 0.738539, "min_seconds": 0.686255, "max_seconds": 1.469276, "requests": [3]}, "outputs_equal": true}
{"scenario": "board-active", "summary": true, "before": {"median_seconds": 0.895206, "min_seconds": 0.806529, "max_seconds": 3.72516, "requests": [3]}, "after": {"median_seconds": 1.522704, "min_seconds": 0.681868, "max_seconds": 1.542044, "requests": [2]}, "outputs_equal": true}
{"scenario": "overview-all", "summary": true, "before": {"median_seconds": 10.794105, "min_seconds": 6.467584, "max_seconds": 37.352972, "requests": [15]}, "after": {"median_seconds": 7.440653, "min_seconds": 5.511735, "max_seconds": 7.913186, "requests": [15]}, "outputs_equal": true}
{"scenario": "overview-project", "summary": true, "before": {"median_seconds": 2.921991, "min_seconds": 2.617256, "max_seconds": 3.709269, "requests": [9]}, "after": {"median_seconds": 2.590449, "min_seconds": 2.418022, "max_seconds": 2.931703, "requests": [9]}, "outputs_equal": true}
{"scenario": "goals", "summary": true, "before": {"median_seconds": 2.215536, "min_seconds": 1.892683, "max_seconds": 2.280198, "requests": [8]}, "after": {"median_seconds": 1.643058, "min_seconds": 1.495363, "max_seconds": 1.866402, "requests": [8]}, "outputs_equal": true}
